<html>
<body>
<pre>
<h1>µVision Build Log</h1>
<h2>Tool Versions:</h2>
IDE-Version: ¦ÌVision V5.35.0.0
Copyright (C) 2021 ARM Ltd and ARM Germany GmbH. All rights reserved.
License Information: Green Fox, null, LIC=ZB4EI-TZ9TE-LQ30Q-NHURB-3LT28-5BCF6
 
Tool Versions:
Toolchain:       MDK-ARM Plus  Version: 5.35.0.2
Toolchain Path:  C:\Keil_v5\ARM\ARMCC\Bin
C Compiler:      Armcc.exe V5.06 update 7 (build 960)
Assembler:       Armasm.exe V5.06 update 7 (build 960)
Linker/Locator:  ArmLink.exe V5.06 update 7 (build 960)
Library Manager: ArmAr.exe V5.06 update 7 (build 960)
Hex Converter:   FromElf.exe V5.06 update 7 (build 960)
CPU DLL:         SARMCM3.DLL V5.35.0.2
Dialog DLL:      DCM.DLL V1.17.3.0
Target DLL:      STLink\ST-LINKIII-KEIL_SWO.dll V3.0.9.0
Dialog DLL:      TCM.DLL V1.53.0.0
 
<h2>Project:</h2>
D:\qianrushiCode\Temperature_and_humidity_collection\MDK-ARM\Temperature_and_humidity_collection.uvprojx
Project File Date:  05/29/2024

<h2>Output:</h2>
*** Using Compiler 'V5.06 update 7 (build 960)', folder: 'C:\Keil_v5\ARM\ARMCC\Bin'
Rebuild target 'Temperature_and_humidity_collection'
assembling startup_stm32f103x6.s...
compiling stm32f1xx_hal_tim_ex.c...
compiling stm32f1xx_it.c...
compiling dma.c...
compiling main.c...
../HARDWARE/DHT/dht.h(8): warning:  #1295-D: Deprecated declaration DHT11_Start - give arg types
  void DHT11_Start();
../HARDWARE/DHT/dht.h(9): warning:  #1295-D: Deprecated declaration DHT11_Read - give arg types
  uint8_t* DHT11_Read();
../Core/Src/main.c: 2 warnings, 0 errors
compiling stm32f1xx_hal_msp.c...
compiling usart.c...
compiling stm32f1xx_hal_gpio_ex.c...
compiling lcd.c...
compiling stm32f1xx_hal_tim.c...
compiling gpio.c...
compiling dht.c...
..\HARDWARE\DHT\dht.h(8): warning:  #1295-D: Deprecated declaration DHT11_Start - give arg types
  void DHT11_Start();
..\HARDWARE\DHT\dht.h(9): warning:  #1295-D: Deprecated declaration DHT11_Read - give arg types
  uint8_t* DHT11_Read();
..\HARDWARE\DHT\dht.c: 2 warnings, 0 errors
compiling stm32f1xx_hal.c...
compiling stm32f1xx_hal_uart.c...
compiling stm32f1xx_hal_gpio.c...
compiling stm32f1xx_hal_cortex.c...
compiling stm32f1xx_hal_dma.c...
compiling stm32f1xx_hal_rcc_ex.c...
compiling system_stm32f1xx.c...
compiling stm32f1xx_hal_flash_ex.c...
compiling stm32f1xx_hal_rcc.c...
compiling stm32f1xx_hal_exti.c...
compiling stm32f1xx_hal_pwr.c...
compiling stm32f1xx_hal_flash.c...
linking...
Program Size: Code=7668 RO-data=412 RW-data=24 ZI-data=1840  
FromELF: creating hex file...
"Temperature_and_humidity_collection\Temperature_and_humidity_collection.axf" - 0 Error(s), 4 Warning(s).

<h2>Software Packages used:</h2>

Package Vendor: ARM
                http://www.keil.com/pack/ARM.CMSIS.5.8.0.pack
                ARM.CMSIS.5.8.0
                CMSIS (Common Microcontroller Software Interface Standard)
   * Component: CORE Version: 5.5.0

Package Vendor: Keil
                http://www.keil.com/pack/Keil.STM32F1xx_DFP.2.4.0.pack
                Keil.STM32F1xx_DFP.2.4.0
                STMicroelectronics STM32F1 Series Device Support, Drivers and Examples

<h2>Collection of Component include folders:</h2>
  .\RTE\_Temperature_and_humidity_collection
  D:\Program Files\ARM\CMSIS\5.8.0\CMSIS\Core\Include
  D:\Program Files\Keil\STM32F1xx_DFP\2.4.0\Device\Include

<h2>Collection of Component Files used:</h2>

   * Component: ARM::CMSIS:CORE:5.5.0
Build Time Elapsed:  00:00:03
</pre>
</body>
</html>
